// Jest Snapshot v1, https://goo.gl/fbAQLP

exports[`Открытие окна ингредиента - обработка CLOSE_VIEW_ITEM 1`] = `"Закрытие модального окна и удаление товара"`;

exports[`Открытие окна ингредиента - обработка VIEW_ITEM 1`] = `"Получение товара для открытия в модальном окне"`;
